// Vitest Snapshot v1, https://vitest.dev/guide/snapshot.html

exports[`TEST APP > renders 1`] = `
<input
  placeholder="input value..."
  type="text"
/>
`;

exports[`renders 1`] = `
<input
  placeholder="input value..."
  type="text"
/>
`;
